nohup: ignoring input
================================================================================
EXPERIMENT 2: FINE-TUNING EXP1B BASE ON YAKIMA/NACHES
================================================================================
Started: 2026-09-29 22:55:40
   📍 Device: cuda

[1/7] Loading pre-trained checkpoint...
/home/sagemaker-user/finetune_exp1b_base_CORRECT.py:92: FutureWarning: You are using `torch.load` with `weights_only=False` (the current default value), which uses the default pickle module implicitly. It is possible to construct malicious pickle data which will execute arbitrary code during unpickling (See https://github.com/pytorch/pytorch/blob/main/SECURITY.md#untrusted-models for more details). In a future release, the default value for `weights_only` will be flipped to `True`. This limits the functions that could be executed during unpickling. Arbitrary objects will no longer be allowed to be loaded via this mode unless they are explicitly allowlisted by the user via `torch.serialization.add_safe_globals`. We recommend you start setting `weights_only=True` for any use case where you don't have full control of the loaded file. Please open an issue on GitHub for any issues related to this experimental feature.
  checkpoint = torch.load(PRETRAINED_CHECKPOINT, map_location='cpu')
   ✅ Loaded from epoch 14
   📊 Pre-trained Val KGE: 0.8084

[2/7] Creating fine-tune splits from 81 HUCs...
   🎯 Train: 56 HUCs
   🎯 Val:   25 HUCs

[3/7] Loading data from S3...
   (Downloading from S3 - will take a few minutes)
number of sub units for training is 81
   ✅ Loaded 81 HUCs
   ✅ Training data: 56 HUCs
   ✅ Validation data: 25 HUCs

[4/7] Setting up parameters...
   ✅ Learning rate: 0.0001
   ✅ Dropout: 0.2
   ✅ Epochs: 10

[5/7] Initializing model...
/home/sagemaker-user/.conda/envs/pytorch_p310/lib/python3.10/site-packages/torch/nn/modules/rnn.py:123: UserWarning: dropout option adds dropout after all but last recurrent layer, so non-zero dropout expects num_layers greater than 1, but got dropout=0.2 and num_layers=1
  warnings.warn(
/home/sagemaker-user/.conda/envs/pytorch_p310/lib/python3.10/site-packages/pkg_resources/__init__.py:1927: UserWarning: /home/sagemaker-user/src/._SnowML.egg-info could not be properly decoded in UTF-8
  warnings.warn(msg)
   ✅ Model ready: 3 → 64 → 1

[6/7] Fine-tuning for 10 epochs...
2026/09/29 22:55:57 INFO mlflow.tracking.fluent: Experiment with name 'Exp2_FineTune_Base_20260929_2255' does not exist. Creating a new experiment.

   ━━━ Epoch 1/10 ━━━
      🏋️  Training on 56 HUCs...
Pre-training on HUC5: 170300010702
Pre-training on HUC10: 170300010408
Pre-training on HUC15: 170300020302
Pre-training on HUC20: 170300010204
Pre-training on HUC25: 170300020311
Pre-training on HUC30: 170300020202
Pre-training on HUC35: 170300020204
Pre-training on HUC40: 170300010708
Pre-training on HUC45: 170300020103
Pre-training on HUC50: 170300010510
Pre-training on HUC55: 170300010409
      🔍 Validating on 25 HUCs...
evaluating on huc 170300020308
test_mse: 0.0008237481233663857
test_kge: 0.6809010486521391
test_r2: 0.8374855518341064
test_mae: 0.014888945035636425
evaluating on huc 170300020303
test_mse: 0.002658020006492734
test_kge: 0.9298576050921529
test_r2: 0.9650028944015503
test_mae: 0.031913116574287415
evaluating on huc 170300010503
test_mse: 0.003776360070332885
test_kge: 0.9600213716417202
test_r2: 0.9578096866607666
test_mae: 0.03711770474910736
evaluating on huc 170300020306
test_mse: 0.009167304262518883
test_kge: 0.41905017304908365
test_r2: 0.6602802276611328
test_mae: 0.061169255524873734
evaluating on huc 170300010701
test_mse: 0.0003693864564411342
test_kge: 0.38273142901315527
test_r2: 0.5805881023406982
test_mae: 0.009832577779889107
evaluating on huc 170300020310
test_mse: 8.011742465896532e-05
test_kge: 0.8763351344926357
test_r2: 0.8555514812469482
test_mae: 0.00435350788757205
evaluating on huc 170300020106
test_mse: 0.010015882551670074
test_kge: 0.8119238842351348
test_r2: 0.9411700963973999
test_mae: 0.06185128167271614
evaluating on huc 170300020301
test_mse: 0.005111470352858305
test_kge: 0.8935886755346154
test_r2: 0.9240744113922119
test_mae: 0.04317224398255348
evaluating on huc 170300010407
test_mse: 4.478386472328566e-05
test_kge: 0.3751567954746383
test_r2: 0.7318041920661926
test_mae: 0.0029124554712325335
evaluating on huc 170300020108
test_mse: 0.00236280495300889
test_kge: 0.921276533365141
test_r2: 0.9657869935035706
test_mae: 0.029872003942728043
evaluating on huc 170300020307
test_mse: 0.004315157886594534
test_kge: 0.47093882213362337
test_r2: 0.7508143782615662
test_mae: 0.036207735538482666
evaluating on huc 170300010709
test_mse: 4.331938907853328e-05
test_kge: 0.04929660239420397
test_r2: 0.5230038166046143
test_mae: 0.002567754592746496
evaluating on huc 170300010103
test_mse: 0.023567404597997665
test_kge: 0.7552334626048066
test_r2: 0.8942214250564575
test_mae: 0.10062244534492493
evaluating on huc 170300010304
test_mse: 0.003868748666718602
test_kge: 0.9027548319663161
test_r2: 0.9233900904655457
test_mae: 0.03694641962647438
evaluating on huc 170300020203
test_mse: 0.0010702387662604451
test_kge: 0.9265904281548754
test_r2: 0.9642919301986694
test_mae: 0.019926242530345917
evaluating on huc 170300010506
test_mse: 0.00012489476648624986
test_kge: 0.924491230912492
test_r2: 0.8837375044822693
test_mae: 0.005599179305136204
evaluating on huc 170300010403
test_mse: 0.0006683116662316024
test_kge: 0.5427961795290395
test_r2: 0.7586292028427124
test_mae: 0.0140802301466465
evaluating on huc 170300020109
test_mse: 0.0031862095929682255
test_kge: 0.705849160235878
test_r2: 0.8796783685684204
test_mae: 0.03359581157565117
evaluating on huc 170300010406
test_mse: 7.649697363376617e-05
test_kge: 0.767635930439169
test_r2: 0.7675697803497314
test_mae: 0.004077698569744825
evaluating on huc 170300020101
test_mse: 0.004369261674582958
test_kge: 0.9228875388004957
test_r2: 0.9578707218170166
test_mae: 0.0410921648144722
evaluating on huc 170300010301
test_mse: 0.017209788784384727
test_kge: 0.7133292410774208
test_r2: 0.8526355028152466
test_mae: 0.07903983443975449
evaluating on huc 170300010511
test_mse: 5.2176856115693226e-05
test_kge: 0.8330427515794354
test_r2: 0.8794745206832886
test_mae: 0.0035969377495348454
evaluating on huc 170300010102
test_mse: 0.018592678010463715
test_kge: 0.7268764958569596
test_r2: 0.9006032347679138
test_mae: 0.08656489849090576
evaluating on huc 170300010706
test_mse: 8.255257125711069e-05
test_kge: 0.22862383421074006
test_r2: 0.32469642162323
test_mae: 0.003909769002348185
evaluating on huc 170300010404
test_mse: 0.0003702994144987315
test_kge: 0.5605640436791128
test_r2: 0.7424540519714355
test_mae: 0.010037449188530445
      📊 Val KGE: 0.5606 | MSE: 0.000370
      ⏱️  Time: 666s
      ✅ NEW BEST! Saved to epoch1.pth

   ━━━ Epoch 2/10 ━━━
      🏋️  Training on 56 HUCs...
Pre-training on HUC5: 170300010101
Pre-training on HUC10: 170300020202
Pre-training on HUC15: 170300010305
Pre-training on HUC20: 170300010405
Pre-training on HUC25: 170300010510
Pre-training on HUC30: 170300010604
Pre-training on HUC35: 170300010507
Pre-training on HUC40: 170300020309
Pre-training on HUC45: 170300010502
Pre-training on HUC50: 170300010509
Pre-training on HUC55: 170300010402
      🔍 Validating on 25 HUCs...
evaluating on huc 170300020310
test_mse: 9.093000699067488e-05
test_kge: 0.7558275331121044
test_r2: 0.8360568284988403
test_mae: 0.004707707557827234
evaluating on huc 170300010407
test_mse: 2.9266921046655625e-05
test_kge: 0.8766286228582243
test_r2: 0.8247300386428833
test_mae: 0.002658000448718667
evaluating on huc 170300010301
test_mse: 0.007699059788137674
test_kge: 0.8810482404524362
test_r2: 0.9340742826461792
test_mae: 0.05424460768699646
evaluating on huc 170300020301
test_mse: 0.003500300459563732
test_kge: 0.909791724172077
test_r2: 0.9480066895484924
test_mae: 0.032452862709760666
evaluating on huc 170300020203
test_mse: 0.0024394099600613117
test_kge: 0.8915151120592621
test_r2: 0.918610155582428
test_mae: 0.02827734313905239
evaluating on huc 170300010511
test_mse: 5.732847057515755e-05
test_kge: 0.8021489135679828
test_r2: 0.8675745725631714
test_mae: 0.003921450115740299
evaluating on huc 170300020109
test_mse: 0.0016365575138479471
test_kge: 0.8239102079520645
test_r2: 0.9381982684135437
test_mae: 0.023624403402209282
evaluating on huc 170300010102
test_mse: 0.019865505397319794
test_kge: 0.7304455985756056
test_r2: 0.8937987089157104
test_mae: 0.09086989611387253
evaluating on huc 170300010103
test_mse: 0.035664912313222885
test_kge: 0.6870547487911154
test_r2: 0.8399236798286438
test_mae: 0.12668952345848083
evaluating on huc 170300010404
test_mse: 0.0003673895262181759
test_kge: 0.5933722111181053
test_r2: 0.7444778680801392
test_mae: 0.010241692885756493
evaluating on huc 170300010304
test_mse: 0.0037906193174421787
test_kge: 0.8008255155725006
test_r2: 0.9249372482299805
test_mae: 0.033312320709228516
evaluating on huc 170300020106
test_mse: 0.010030146688222885
test_kge: 0.8012823390998625
test_r2: 0.9410862922668457
test_mae: 0.05994968116283417
evaluating on huc 170300010706
test_mse: 0.00014517726958729327
test_kge: -0.3355667369996209
test_r2: -0.18759143352508545
test_mae: 0.005555008538067341
evaluating on huc 170300010506
test_mse: 0.0001077589113265276
test_kge: 0.8676690316104569
test_r2: 0.8996889591217041
test_mae: 0.005384224001318216
evaluating on huc 170300010709
test_mse: 2.2944723241380416e-05
test_kge: 0.6014432439573476
test_r2: 0.7473522424697876
test_mae: 0.002222528448328376
evaluating on huc 170300010503
test_mse: 0.004741656593978405
test_kge: 0.9451371175684364
test_r2: 0.9470251798629761
test_mae: 0.04127411171793938
evaluating on huc 170300010403
test_mse: 0.0007307206396944821
test_kge: 0.6271068149560295
test_r2: 0.7360892295837402
test_mae: 0.015825020149350166
evaluating on huc 170300020306
test_mse: 0.006548537407070398
test_kge: 0.5106766713466206
test_r2: 0.7573258876800537
test_mae: 0.04748013615608215
evaluating on huc 170300010406
test_mse: 0.00011471074685687199
test_kge: 0.47235578713683846
test_r2: 0.6514601111412048
test_mae: 0.005168103147298098
evaluating on huc 170300020101
test_mse: 0.00562617601826787
test_kge: 0.855780223441466
test_r2: 0.9457513093948364
test_mae: 0.04100113734602928
evaluating on huc 170300010701
test_mse: 0.00027115820557810366
test_kge: 0.44541134328840626
test_r2: 0.6921192407608032
test_mae: 0.008350923657417297
evaluating on huc 170300020308
test_mse: 0.0005377437337301672
test_kge: 0.8319035536079697
test_r2: 0.8939104080200195
test_mae: 0.01325913518667221
evaluating on huc 170300020303
test_mse: 0.0020455827470868826
test_kge: 0.9695869952354551
test_r2: 0.9730666279792786
test_mae: 0.028764313086867332
evaluating on huc 170300020307
test_mse: 0.0057579283602535725
test_kge: 0.39802622376273233
test_r2: 0.667499303817749
test_mae: 0.0430867001414299
evaluating on huc 170300020108
test_mse: 0.0015342707047238946
test_kge: 0.9737931332544393
test_r2: 0.9777840375900269
test_mae: 0.024707026779651642
      📊 Val KGE: 0.9738 | MSE: 0.001534
      ⏱️  Time: 670s
      ✅ NEW BEST! Saved to epoch2.pth

   ━━━ Epoch 3/10 ━━━
      🏋️  Training on 56 HUCs...
Pre-training on HUC5: 170300010306
Pre-training on HUC10: 170300010302
Pre-training on HUC15: 170300010305
Pre-training on HUC20: 170300010703
Pre-training on HUC25: 170300010303
Pre-training on HUC30: 170300020107
Pre-training on HUC35: 170300010101
Pre-training on HUC40: 170300010601
Pre-training on HUC45: 170300010602
Pre-training on HUC50: 170300010704
Pre-training on HUC55: 170300010708
      🔍 Validating on 25 HUCs...
evaluating on huc 170300010301
test_mse: 0.00656485091894865
test_kge: 0.8912263118429733
test_r2: 0.9437863230705261
test_mae: 0.052211783826351166
evaluating on huc 170300020106
test_mse: 0.007441053166985512
test_kge: 0.8946617537988041
test_r2: 0.9562937617301941
test_mae: 0.048950985074043274
evaluating on huc 170300020306
test_mse: 0.010791225358843803
test_kge: 0.3397374636285756
test_r2: 0.6001014113426208
test_mae: 0.06440316885709763
evaluating on huc 170300020301
test_mse: 0.0033907287288457155
test_kge: 0.9188535073280257
test_r2: 0.9496342539787292
test_mae: 0.03524893522262573
evaluating on huc 170300020310
test_mse: 0.0001158567683887668
test_kge: 0.6091423382483936
test_r2: 0.791114866733551
test_mae: 0.005326960701495409
evaluating on huc 170300010103
test_mse: 0.03203596919775009
test_kge: 0.7192462144513435
test_r2: 0.8562116026878357
test_mae: 0.11738503724336624
evaluating on huc 170300010701
test_mse: 0.0004090538714081049
test_kge: 0.22907521253073926
test_r2: 0.5355485677719116
test_mae: 0.010731694288551807
evaluating on huc 170300010403
test_mse: 0.0008811429725028574
test_kge: 0.4673383937119142
test_r2: 0.6817619800567627
test_mae: 0.016336696222424507
evaluating on huc 170300010506
test_mse: 0.00013024636427871883
test_kge: 0.7649194807853241
test_r2: 0.8787558078765869
test_mae: 0.005842779763042927
evaluating on huc 170300010404
test_mse: 0.00045393643085844815
test_kge: 0.44574184185983723
test_r2: 0.6842839121818542
test_mae: 0.011164545081555843
evaluating on huc 170300010503
test_mse: 0.005305361468344927
test_kge: 0.9609487270349354
test_r2: 0.9407273530960083
test_mae: 0.04262896254658699
evaluating on huc 170300010511
test_mse: 6.834863597759977e-05
test_kge: 0.6936843785294305
test_r2: 0.8421186208724976
test_mae: 0.00420796824619174
evaluating on huc 170300020307
test_mse: 0.0037964102812111378
test_kge: 0.5013740088998586
test_r2: 0.7807703018188477
test_mae: 0.034837838262319565
evaluating on huc 170300010407
test_mse: 3.148540054098703e-05
test_kge: 0.801585033006476
test_r2: 0.8114443421363831
test_mae: 0.0028097510803490877
evaluating on huc 170300010304
test_mse: 0.002913595410063863
test_kge: 0.8443554939783681
test_r2: 0.9423043131828308
test_mae: 0.02866242080926895
evaluating on huc 170300020101
test_mse: 0.004344383720308542
test_kge: 0.9233207941320194
test_r2: 0.9581106305122375
test_mae: 0.036775991320610046
evaluating on huc 170300020109
test_mse: 0.002478686161339283
test_kge: 0.7223850272990799
test_r2: 0.906396746635437
test_mae: 0.028954530134797096
evaluating on huc 170300020303
test_mse: 0.003934006206691265
test_kge: 0.8548919587635101
test_r2: 0.9482024908065796
test_mae: 0.04088849946856499
evaluating on huc 170300020308
test_mse: 0.0006958841113373637
test_kge: 0.687060463801323
test_r2: 0.8627114295959473
test_mae: 0.014571690931916237
evaluating on huc 170300010709
test_mse: 2.042422602244187e-05
test_kge: 0.8148699596168348
test_r2: 0.7751058340072632
test_mae: 0.0021013114601373672
evaluating on huc 170300010102
test_mse: 0.013668488711118698
test_kge: 0.8018371702892488
test_r2: 0.9269280433654785
test_mae: 0.07124324142932892
evaluating on huc 170300020108
test_mse: 0.0015055111143738031
test_kge: 0.9207682578501807
test_r2: 0.9782004356384277
test_mae: 0.02416457049548626
evaluating on huc 170300010406
test_mse: 0.00014024869597051293
test_kge: 0.3320431323462003
test_r2: 0.5738649964332581
test_mae: 0.005768857430666685
evaluating on huc 170300010706
test_mse: 0.00019081901700701565
test_kge: -0.6832675604423981
test_r2: -0.5609539747238159
test_mae: 0.0065961070358753204
evaluating on huc 170300020203
test_mse: 0.0016654253704473376
test_kge: 0.9116176687846533
test_r2: 0.9444338083267212
test_mae: 0.024598080664873123
      📊 Val KGE: 0.9116 | MSE: 0.001665
      ⏱️  Time: 662s

   ━━━ Epoch 4/10 ━━━
      🏋️  Training on 56 HUCs...
Pre-training on HUC5: 170300010409
Pre-training on HUC10: 170300010604
Pre-training on HUC15: 170300020107
Pre-training on HUC20: 170300010702
Pre-training on HUC25: 170300010202
Pre-training on HUC30: 170300020204
Pre-training on HUC35: 170300010507
Pre-training on HUC40: 170300020205
Pre-training on HUC45: 170300020304
Pre-training on HUC50: 170300020305
Pre-training on HUC55: 170300020312
      🔍 Validating on 25 HUCs...
evaluating on huc 170300010503
test_mse: 0.004427722655236721
test_kge: 0.9680724801595498
test_r2: 0.9505325555801392
test_mae: 0.03908953443169594
evaluating on huc 170300020310
test_mse: 6.211842264747247e-05
test_kge: 0.848223419950509
test_r2: 0.8880029320716858
test_mae: 0.003934445325285196
evaluating on huc 170300010406
test_mse: 5.175730257178657e-05
test_kge: 0.8265716811336037
test_r2: 0.8427393436431885
test_mae: 0.0035436369944363832
evaluating on huc 170300010102
test_mse: 0.014160335063934326
test_kge: 0.7875401193762358
test_r2: 0.9242986440658569
test_mae: 0.07439345121383667
evaluating on huc 170300010407
test_mse: 3.6130837543169037e-05
test_kge: 0.4859502526184666
test_r2: 0.7836242914199829
test_mae: 0.0026723959017544985
evaluating on huc 170300010404
test_mse: 0.00020950463658664376
test_kge: 0.7574641250258894
test_r2: 0.8542879819869995
test_mae: 0.007514964789152145
evaluating on huc 170300020106
test_mse: 0.008378362283110619
test_kge: 0.8419769287929586
test_r2: 0.9507883191108704
test_mae: 0.0523746982216835
evaluating on huc 170300020306
test_mse: 0.00893888808786869
test_kge: 0.40331954583307095
test_r2: 0.6687448620796204
test_mae: 0.05869336426258087
evaluating on huc 170300010701
test_mse: 0.00014830143481958658
test_kge: 0.6884954126337663
test_r2: 0.8316143155097961
test_mae: 0.006131993606686592
evaluating on huc 170300020101
test_mse: 0.004090169910341501
test_kge: 0.9192308455896641
test_r2: 0.9605618119239807
test_mae: 0.03702385351061821
evaluating on huc 170300020307
test_mse: 0.00476999394595623
test_kge: 0.4345950486778226
test_r2: 0.7245491743087769
test_mae: 0.03941818326711655
evaluating on huc 170300020308
test_mse: 0.0003873455279972404
test_kge: 0.8399855261700775
test_r2: 0.9235819578170776
test_mae: 0.010613396763801575
evaluating on huc 170300010304
test_mse: 0.002788339741528034
test_kge: 0.8702510381481454
test_r2: 0.9447846412658691
test_mae: 0.028409430757164955
evaluating on huc 170300010301
test_mse: 0.011122049763798714
test_kge: 0.778818047662194
test_r2: 0.9047638177871704
test_mae: 0.06434039771556854
evaluating on huc 170300020301
test_mse: 0.0032550778705626726
test_kge: 0.9465705606767209
test_r2: 0.9516491889953613
test_mae: 0.03432666137814522
evaluating on huc 170300010706
test_mse: 7.51191473682411e-05
test_kge: 0.199313533632949
test_r2: 0.38550394773483276
test_mae: 0.003843270940706134
evaluating on huc 170300010709
test_mse: 4.032729702885263e-05
test_kge: 0.002664687163901447
test_r2: 0.5559501647949219
test_mae: 0.002640689956024289
evaluating on huc 170300010403
test_mse: 0.0004945326945744455
test_kge: 0.6777814407734315
test_r2: 0.8213920593261719
test_mae: 0.012359105050563812
evaluating on huc 170300020203
test_mse: 0.0012380764819681644
test_kge: 0.9187192731908057
test_r2: 0.9586921334266663
test_mae: 0.021175848320126534
evaluating on huc 170300010511
test_mse: 5.007039362681098e-05
test_kge: 0.7097845393769292
test_r2: 0.8843402862548828
test_mae: 0.0034855103585869074
evaluating on huc 170300010506
test_mse: 0.00010377502621849999
test_kge: 0.7998330780472105
test_r2: 0.9033975005149841
test_mae: 0.005032469052821398
evaluating on huc 170300020108
test_mse: 0.0012611958663910627
test_kge: 0.9285188456378225
test_r2: 0.9817380905151367
test_mae: 0.021276667714118958
evaluating on huc 170300020303
test_mse: 0.0026006128173321486
test_kge: 0.9485566564497326
test_r2: 0.965758740901947
test_mae: 0.031703732907772064
evaluating on huc 170300010103
test_mse: 0.023868104442954063
test_kge: 0.7638488755346209
test_r2: 0.8928717374801636
test_mae: 0.10304203629493713
evaluating on huc 170300020109
test_mse: 0.0022403295151889324
test_kge: 0.7500675916349
test_r2: 0.9153978824615479
test_mae: 0.026681747287511826
      📊 Val KGE: 0.7501 | MSE: 0.002240
      ⏱️  Time: 658s

   ━━━ Epoch 5/10 ━━━
      🏋️  Training on 56 HUCs...
Pre-training on HUC5: 170300010106
Pre-training on HUC10: 170300010302
Pre-training on HUC15: 170300020205
Pre-training on HUC20: 170300020312
Pre-training on HUC25: 170300010601
Pre-training on HUC30: 170300010306
Pre-training on HUC35: 170300010504
Pre-training on HUC40: 170300020202
Pre-training on HUC45: 170300010104
Pre-training on HUC50: 170300010409
Pre-training on HUC55: 170300010602
      🔍 Validating on 25 HUCs...
evaluating on huc 170300020307
test_mse: 0.005390018690377474
test_kge: 0.39225644434118256
test_r2: 0.688744843006134
test_mae: 0.042463015764951706
evaluating on huc 170300010102
test_mse: 0.008242783136665821
test_kge: 0.8537393333400577
test_r2: 0.9559339284896851
test_mae: 0.05943955108523369
evaluating on huc 170300020303
test_mse: 0.004261102993041277
test_kge: 0.8366407842228529
test_r2: 0.943895697593689
test_mae: 0.03946135565638542
evaluating on huc 170300010403
test_mse: 0.0003650195139925927
test_kge: 0.8231803135520886
test_r2: 0.8681676983833313
test_mae: 0.010871652513742447
evaluating on huc 170300020306
test_mse: 0.011291139759123325
test_kge: 0.35188081951586525
test_r2: 0.5815756916999817
test_mae: 0.06348016113042831
evaluating on huc 170300010406
test_mse: 4.3073676351923496e-05
test_kge: 0.7988032055770546
test_r2: 0.8691239356994629
test_mae: 0.0034472732804715633
evaluating on huc 170300010404
test_mse: 0.0001606373261893168
test_kge: 0.8975895820067397
test_r2: 0.8882755637168884
test_mae: 0.00671051349490881
evaluating on huc 170300010506
test_mse: 0.0001375360880047083
test_kge: 0.680024098124794
test_r2: 0.8719699382781982
test_mae: 0.005717527586966753
evaluating on huc 170300010701
test_mse: 9.600890189176425e-05
test_kge: 0.8803261204368479
test_r2: 0.8909887671470642
test_mae: 0.005040377844125032
evaluating on huc 170300010709
test_mse: 5.0535702030174434e-05
test_kge: -0.14624291241699372
test_r2: 0.4435439109802246
test_mae: 0.002891983836889267
evaluating on huc 170300020101
test_mse: 0.003409602679312229
test_kge: 0.9648399806770828
test_r2: 0.9671239256858826
test_mae: 0.03477541729807854
evaluating on huc 170300010706
test_mse: 3.2293624826706946e-05
test_kge: 0.7164580765044402
test_r2: 0.7358289361000061
test_mae: 0.002582244575023651
evaluating on huc 170300020108
test_mse: 0.0024946003686636686
test_kge: 0.8743312378108772
test_r2: 0.9638785719871521
test_mae: 0.027663005515933037
evaluating on huc 170300010301
test_mse: 0.014472541399300098
test_kge: 0.7202066724747445
test_r2: 0.8760741353034973
test_mae: 0.07190485298633575
evaluating on huc 170300010511
test_mse: 7.381967589026317e-05
test_kge: 0.5423782049323833
test_r2: 0.8294808864593506
test_mae: 0.004137413110584021
evaluating on huc 170300020310
test_mse: 8.165267354343086e-05
test_kge: 0.6839397511442057
test_r2: 0.8527834415435791
test_mae: 0.004409498069435358
evaluating on huc 170300010407
test_mse: 5.4028016165830195e-05
test_kge: 0.23041845164941333
test_r2: 0.6764440536499023
test_mae: 0.003174260025843978
evaluating on huc 170300020106
test_mse: 0.004566040821373463
test_kge: 0.947311589467728
test_r2: 0.9731805920600891
test_mae: 0.04036420211195946
evaluating on huc 170300020109
test_mse: 0.002923291642218828
test_kge: 0.7359108052330843
test_r2: 0.8896070122718811
test_mae: 0.028747620061039925
evaluating on huc 170300020308
test_mse: 0.0003449959622230381
test_kge: 0.932949016732905
test_r2: 0.9319369196891785
test_mae: 0.010463939979672432
evaluating on huc 170300010103
test_mse: 0.01763022132217884
test_kge: 0.8035712192180982
test_r2: 0.9208695292472839
test_mae: 0.08924287557601929
evaluating on huc 170300020301
test_mse: 0.004486395511776209
test_kge: 0.9136667640644218
test_r2: 0.9333592653274536
test_mae: 0.03995382413268089
evaluating on huc 170300010503
test_mse: 0.0043997508473694324
test_kge: 0.9250757505484195
test_r2: 0.9508450031280518
test_mae: 0.038698554039001465
evaluating on huc 170300010304
test_mse: 0.0027864042203873396
test_kge: 0.8596961013678156
test_r2: 0.9448229670524597
test_mae: 0.029463661834597588
evaluating on huc 170300020203
test_mse: 0.0012658583000302315
test_kge: 0.9123392097861607
test_r2: 0.9577651619911194
test_mae: 0.020883696153759956
      📊 Val KGE: 0.9123 | MSE: 0.001266
      ⏱️  Time: 657s

   ━━━ Epoch 6/10 ━━━
      🏋️  Training on 56 HUCs...
Pre-training on HUC5: 170300010306
Pre-training on HUC10: 170300010401
Pre-training on HUC15: 170300020103
Pre-training on HUC20: 170300020206
Pre-training on HUC25: 170300020201
Pre-training on HUC30: 170300020204
Pre-training on HUC35: 170300010502
Pre-training on HUC40: 170300010305
Pre-training on HUC45: 170300020105
Pre-training on HUC50: 170300010603
Pre-training on HUC55: 170300020312
      🔍 Validating on 25 HUCs...
evaluating on huc 170300020308
test_mse: 0.0012963083572685719
test_kge: 0.5089636955564409
test_r2: 0.744255781173706
test_mae: 0.021388333290815353
evaluating on huc 170300010403
test_mse: 0.0011904394486919045
test_kge: 0.30763548350321523
test_r2: 0.5700548887252808
test_mae: 0.021827567368745804
evaluating on huc 170300020310
test_mse: 0.0005874077323824167
test_kge: -0.3427772526126589
test_r2: -0.05907273292541504
test_mae: 0.014372386038303375
evaluating on huc 170300020108
test_mse: 0.001961260102689266
test_kge: 0.9065104831325179
test_r2: 0.9716012477874756
test_mae: 0.026308871805667877
evaluating on huc 170300020306
test_mse: 0.011451602913439274
test_kge: 0.3379430681948965
test_r2: 0.5756292939186096
test_mae: 0.06835377216339111
evaluating on huc 170300010503
test_mse: 0.004320487845689058
test_kge: 0.9475792702604628
test_r2: 0.9517306089401245
test_mae: 0.03983241319656372
evaluating on huc 170300010103
test_mse: 0.02190452814102173
test_kge: 0.7615939071557314
test_r2: 0.9016849994659424
test_mae: 0.09981511533260345
evaluating on huc 170300010102
test_mse: 0.011836742982268333
test_kge: 0.7899918527432874
test_r2: 0.936720609664917
test_mae: 0.07049956172704697
evaluating on huc 170300010709
test_mse: 0.0001327829377260059
test_kge: -0.7732242624181949
test_r2: -0.4620925188064575
test_mae: 0.006096766330301762
evaluating on huc 170300010506
test_mse: 0.0006635237368755043
test_kge: 0.15441044162662898
test_r2: 0.3823366165161133
test_mae: 0.014703167602419853
evaluating on huc 170300020307
test_mse: 0.0030629420652985573
test_kge: 0.5682347185780152
test_r2: 0.8231255412101746
test_mae: 0.030381672084331512
evaluating on huc 170300020301
test_mse: 0.0039137909188866615
test_kge: 0.907296156631166
test_r2: 0.9418647289276123
test_mae: 0.03912603482604027
evaluating on huc 170300020106
test_mse: 0.006037882529199123
test_kge: 0.8808329154899173
test_r2: 0.9645354747772217
test_mae: 0.04683477804064751
evaluating on huc 170300010301
test_mse: 0.013331321068108082
test_kge: 0.755755872935866
test_r2: 0.8858461976051331
test_mae: 0.06824443489313126
evaluating on huc 170300010404
test_mse: 0.0010237486567348242
test_kge: 0.07599957211339525
test_r2: 0.28797537088394165
test_mae: 0.01999886892735958
evaluating on huc 170300010706
test_mse: 0.0006911806995049119
test_kge: -3.328720780026617
test_r2: -4.654055118560791
test_mae: 0.016130613163113594
evaluating on huc 170300020109
test_mse: 0.0033875135704874992
test_kge: 0.6958775096483529
test_r2: 0.8720765113830566
test_mae: 0.03414232283830643
evaluating on huc 170300020101
test_mse: 0.0037487989757210016
test_kge: 0.9270380030399683
test_r2: 0.9638533592224121
test_mae: 0.03795358166098595
evaluating on huc 170300020203
test_mse: 0.0009458884014748037
test_kge: 0.9141234085259416
test_r2: 0.96844083070755
test_mae: 0.018914032727479935
evaluating on huc 170300010511
test_mse: 0.0004524350806605071
test_kge: -0.31270337357291966
test_r2: -0.04509866237640381
test_mae: 0.012408706359565258
evaluating on huc 170300010406
test_mse: 0.0006209594430401921
test_kge: -0.842110210121416
test_r2: -0.8867379426956177
test_mae: 0.015056939795613289
evaluating on huc 170300010407
test_mse: 0.00024173471319954842
test_kge: -0.7227246099168858
test_r2: -0.44766950607299805
test_mae: 0.008623672649264336
evaluating on huc 170300010701
test_mse: 0.0012041659792885184
test_kge: -0.5185652375888754
test_r2: -0.3672443628311157
test_mae: 0.02093738131225109
evaluating on huc 170300020303
test_mse: 0.003040159586817026
test_kge: 0.8835280106305198
test_r2: 0.9599714279174805
test_mae: 0.033982403576374054
evaluating on huc 170300010304
test_mse: 0.0031932152342051268
test_kge: 0.912469622874114
test_r2: 0.9367672204971313
test_mae: 0.03349929302930832
      📊 Val KGE: 0.9125 | MSE: 0.003193
      ⏱️  Time: 682s

   ━━━ Epoch 7/10 ━━━
      🏋️  Training on 56 HUCs...
Pre-training on HUC5: 170300010510
Pre-training on HUC10: 170300010307
Pre-training on HUC15: 170300010509
Pre-training on HUC20: 170300010605
Pre-training on HUC25: 170300010104
Pre-training on HUC30: 170300010105
Pre-training on HUC35: 170300020309
Pre-training on HUC40: 170300010203
Pre-training on HUC45: 170300010603
Pre-training on HUC50: 170300020202
Pre-training on HUC55: 170300010705
      🔍 Validating on 25 HUCs...
evaluating on huc 170300020303
test_mse: 0.0031046844087541103
test_kge: 0.9362842445085164
test_r2: 0.959121823310852
test_mae: 0.03486092388629913
evaluating on huc 170300020203
test_mse: 0.0020670872181653976
test_kge: 0.8602545014505295
test_r2: 0.9310325384140015
test_mae: 0.026223167777061462
evaluating on huc 170300020310
test_mse: 6.661100633209571e-05
test_kge: 0.6798743352443364
test_r2: 0.8799030184745789
test_mae: 0.0041626798920333385
evaluating on huc 170300010706
test_mse: 3.3177886507473886e-05
test_kge: 0.7400253890452547
test_r2: 0.7285954356193542
test_mae: 0.0026867762207984924
evaluating on huc 170300010503
test_mse: 0.004729158710688353
test_kge: 0.9389162971492075
test_r2: 0.9471648335456848
test_mae: 0.040950242429971695
evaluating on huc 170300010701
test_mse: 8.701064507476985e-05
test_kge: 0.9083384228472868
test_r2: 0.9012056589126587
test_mae: 0.004809137433767319
evaluating on huc 170300010403
test_mse: 0.00038268661592155695
test_kge: 0.8348056364453271
test_r2: 0.861786961555481
test_mae: 0.01113948691636324
evaluating on huc 170300020109
test_mse: 0.0013758711284026504
test_kge: 0.8624275836459006
test_r2: 0.948042631149292
test_mae: 0.02016746625304222
evaluating on huc 170300010511
test_mse: 5.8352492487756535e-05
test_kge: 0.5867505802027245
test_r2: 0.86520916223526
test_mae: 0.0038286291528493166
evaluating on huc 170300020301
test_mse: 0.0027898349799215794
test_kge: 0.9491096395372918
test_r2: 0.9585599303245544
test_mae: 0.029239589348435402
evaluating on huc 170300010301
test_mse: 0.005540104117244482
test_kge: 0.9394942680753681
test_r2: 0.9525610208511353
test_mae: 0.045574914664030075
evaluating on huc 170300020307
test_mse: 0.006444553844630718
test_kge: 0.3327175071477112
test_r2: 0.6278489828109741
test_mae: 0.048227712512016296
evaluating on huc 170300010102
test_mse: 0.018173249438405037
test_kge: 0.7469970438621456
test_r2: 0.9028455018997192
test_mae: 0.08861830830574036
evaluating on huc 170300010407
test_mse: 4.561884998111054e-05
test_kge: 0.26562014885574114
test_r2: 0.7268037796020508
test_mae: 0.003042105818167329
evaluating on huc 170300010406
test_mse: 3.697113788803108e-05
test_kge: 0.8052944549563119
test_r2: 0.8876659870147705
test_mae: 0.0032584492582827806
evaluating on huc 170300010709
test_mse: 4.640568658942357e-05
test_kge: -0.12302904148529858
test_r2: 0.4890201687812805
test_mae: 0.0028368833009153605
evaluating on huc 170300010404
test_mse: 0.00015494342369493097
test_kge: 0.8837152438703616
test_r2: 0.8922356963157654
test_mae: 0.006691629067063332
evaluating on huc 170300010304
test_mse: 0.004482309799641371
test_kge: 0.7306619017954128
test_r2: 0.9112402200698853
test_mae: 0.03648081421852112
evaluating on huc 170300020306
test_mse: 0.006561238784343004
test_kge: 0.5092923373068909
test_r2: 0.7568552494049072
test_mae: 0.04618766903877258
evaluating on huc 170300020108
test_mse: 0.0012109755771234632
test_kge: 0.9562595268112588
test_r2: 0.9824652671813965
test_mae: 0.021127771586179733
evaluating on huc 170300020106
test_mse: 0.009570027701556683
test_kge: 0.8356318681612613
test_r2: 0.9437888860702515
test_mae: 0.05672290176153183
evaluating on huc 170300020101
test_mse: 0.005305885337293148
test_kge: 0.8587669511285733
test_r2: 0.9488396048545837
test_mae: 0.03922731801867485
evaluating on huc 170300010506
test_mse: 0.0001166613947134465
test_kge: 0.688237857013287
test_r2: 0.8914018273353577
test_mae: 0.0053763301111757755
evaluating on huc 170300010103
test_mse: 0.03571531921625137
test_kge: 0.6778988118811222
test_r2: 0.8396974205970764
test_mae: 0.13265055418014526
evaluating on huc 170300020308
test_mse: 0.0003344814758747816
test_kge: 0.9048615003341919
test_r2: 0.9340112805366516
test_mae: 0.010569941252470016
      📊 Val KGE: 0.9049 | MSE: 0.000334
      ⏱️  Time: 681s

   ━━━ Epoch 8/10 ━━━
      🏋️  Training on 56 HUCs...
Pre-training on HUC5: 170300010507
Pre-training on HUC10: 170300020204
Pre-training on HUC15: 170300010101
Pre-training on HUC20: 170300010504
Pre-training on HUC25: 170300020206
Pre-training on HUC30: 170300010708
Pre-training on HUC35: 170300020305
Pre-training on HUC40: 170300010405
Pre-training on HUC45: 170300010502
Pre-training on HUC50: 170300020304
Pre-training on HUC55: 170300010604
      🔍 Validating on 25 HUCs...
evaluating on huc 170300010406
test_mse: 4.03056874347385e-05
test_kge: 0.7386698717233555
test_r2: 0.8775342106819153
test_mae: 0.003471198258921504
evaluating on huc 170300010404
test_mse: 0.00020077265799045563
test_kge: 0.8527783305372635
test_r2: 0.8603611588478088
test_mae: 0.007484910078346729
evaluating on huc 170300020301
test_mse: 0.0037488264497369528
test_kge: 0.8374461564565252
test_r2: 0.9443150758743286
test_mae: 0.03268873319029808
evaluating on huc 170300010503
test_mse: 0.006073836702853441
test_kge: 0.8577024837347769
test_r2: 0.9321417808532715
test_mae: 0.0465550497174263
evaluating on huc 170300010706
test_mse: 2.8930466214660555e-05
test_kge: 0.7863303703225024
test_r2: 0.7633405327796936
test_mae: 0.002567011397331953
evaluating on huc 170300020307
test_mse: 0.0077895051799714565
test_kge: 0.27700020913633716
test_r2: 0.5501827001571655
test_mae: 0.05226679891347885
evaluating on huc 170300010102
test_mse: 0.026727179065346718
test_kge: 0.6708996325500411
test_r2: 0.8571160435676575
test_mae: 0.11093241721391678
evaluating on huc 170300020203
test_mse: 0.0031878671143203974
test_kge: 0.7959926354999639
test_r2: 0.8936381936073303
test_mae: 0.03233149275183678
evaluating on huc 170300010304
test_mse: 0.006700338330119848
test_kge: 0.6405753215960022
test_r2: 0.8673182725906372
test_mae: 0.04496388882398605
evaluating on huc 170300020306
test_mse: 0.0038915586192160845
test_kge: 0.6372541210800033
test_r2: 0.8557875752449036
test_mae: 0.0354045033454895
evaluating on huc 170300020109
test_mse: 0.0009279800578951836
test_kge: 0.9429543054747954
test_r2: 0.9649564623832703
test_mae: 0.017655298113822937
evaluating on huc 170300010407
test_mse: 5.504022919922136e-05
test_kge: 0.17658559605665736
test_r2: 0.6703822016716003
test_mae: 0.0033665981609374285
evaluating on huc 170300010511
test_mse: 7.358656148426235e-05
test_kge: 0.49896740537076234
test_r2: 0.8300193548202515
test_mae: 0.004319945350289345
evaluating on huc 170300010301
test_mse: 0.005322097335010767
test_kge: 0.9707658444981518
test_r2: 0.9544277787208557
test_mae: 0.04499150440096855
evaluating on huc 170300020310
test_mse: 7.363894837908447e-05
test_kge: 0.6386889229495709
test_r2: 0.8672319054603577
test_mae: 0.004421883262693882
evaluating on huc 170300010701
test_mse: 8.283741772174835e-05
test_kge: 0.9123109166056206
test_r2: 0.9059440493583679
test_mae: 0.004712717607617378
evaluating on huc 170300020108
test_mse: 0.0019013849087059498
test_kge: 0.9086419036988905
test_r2: 0.9724682569503784
test_mae: 0.02685776725411415
evaluating on huc 170300010709
test_mse: 5.271118789096363e-05
test_kge: -0.20533124280312198
test_r2: 0.4195893406867981
test_mae: 0.0030297841876745224
evaluating on huc 170300020106
test_mse: 0.013991877436637878
test_kge: 0.760119164164992
test_r2: 0.9178164005279541
test_mae: 0.0728461742401123
evaluating on huc 170300020303
test_mse: 0.003877868177369237
test_kge: 0.9046865994207618
test_r2: 0.9489416480064392
test_mae: 0.03830632194876671
evaluating on huc 170300020308
test_mse: 0.00042912509525194764
test_kge: 0.8663157925676378
test_r2: 0.9153393507003784
test_mae: 0.011972774751484394
evaluating on huc 170300010506
test_mse: 0.0001371519610984251
test_kge: 0.644312065572182
test_r2: 0.872327446937561
test_mae: 0.005835847929120064
evaluating on huc 170300010403
test_mse: 0.0005151656223461032
test_kge: 0.8302266590711567
test_r2: 0.813940167427063
test_mae: 0.012502769008278847
evaluating on huc 170300020101
test_mse: 0.007581892888993025
test_kge: 0.7830642063243555
test_r2: 0.9268938899040222
test_mae: 0.047846145927906036
evaluating on huc 170300010103
test_mse: 0.0454789362847805
test_kge: 0.6237538918493841
test_r2: 0.7958749532699585
test_mae: 0.1520504504442215
      📊 Val KGE: 0.6238 | MSE: 0.045479
      ⏱️  Time: 681s

   ━━━ Epoch 9/10 ━━━
      🏋️  Training on 56 HUCs...
Pre-training on HUC5: 170300010603
Pre-training on HUC10: 170300010306
Pre-training on HUC15: 170300010106
Pre-training on HUC20: 170300010604
Pre-training on HUC25: 170300010205
Pre-training on HUC30: 170300010505
Pre-training on HUC35: 170300020206
Pre-training on HUC40: 170300020305
Pre-training on HUC45: 170300010405
Pre-training on HUC50: 170300020204
Pre-training on HUC55: 170300020105
      🔍 Validating on 25 HUCs...
evaluating on huc 170300010404
test_mse: 0.00011844314576592296
test_kge: 0.9353024756687813
test_r2: 0.917621910572052
test_mae: 0.006070396397262812
evaluating on huc 170300010304
test_mse: 0.004611056763678789
test_kge: 0.7344683375070256
test_r2: 0.9086907505989075
test_mae: 0.037588853389024734
evaluating on huc 170300010403
test_mse: 0.0001703636080492288
test_kge: 0.8999165096041009
test_r2: 0.9384706020355225
test_mae: 0.007470582611858845
evaluating on huc 170300010503
test_mse: 0.004527512937784195
test_kge: 0.8610523655932001
test_r2: 0.9494176506996155
test_mae: 0.03806963562965393
evaluating on huc 170300010511
test_mse: 6.988539826124907e-05
test_kge: 0.5714720224708417
test_r2: 0.8385688066482544
test_mae: 0.0039260247722268105
evaluating on huc 170300020308
test_mse: 0.0003232245217077434
test_kge: 0.9674173904539284
test_r2: 0.9362321496009827
test_mae: 0.009846916422247887
evaluating on huc 170300010301
test_mse: 0.005200048442929983
test_kge: 0.9495975416812918
test_r2: 0.9554728865623474
test_mae: 0.043437659740448
evaluating on huc 170300010701
test_mse: 0.00017048009613063186
test_kge: 0.738833172091584
test_r2: 0.8064320087432861
test_mae: 0.0070385136641561985
evaluating on huc 170300020301
test_mse: 0.004933388903737068
test_kge: 0.8447526258404962
test_r2: 0.9267196655273438
test_mae: 0.04344037175178528
evaluating on huc 170300020109
test_mse: 0.0012270680163055658
test_kge: 0.9499024536788837
test_r2: 0.9536619186401367
test_mae: 0.019789231941103935
evaluating on huc 170300010407
test_mse: 6.479343574028462e-05
test_kge: 0.15111437370272107
test_r2: 0.6119734644889832
test_mae: 0.0033275363966822624
evaluating on huc 170300020307
test_mse: 0.006245664786547422
test_kge: 0.3354101514279616
test_r2: 0.6393342018127441
test_mae: 0.04529184475541115
evaluating on huc 170300010506
test_mse: 0.00014751880371477455
test_kge: 0.7043471212105822
test_r2: 0.8626771569252014
test_mae: 0.006017832085490227
evaluating on huc 170300020101
test_mse: 0.006887771654874086
test_kge: 0.7809846624853419
test_r2: 0.9335867762565613
test_mae: 0.05228709802031517
evaluating on huc 170300010709
test_mse: 5.397753193392418e-05
test_kge: -0.14336541611641285
test_r2: 0.4056454300880432
test_mae: 0.0028025894425809383
evaluating on huc 170300020106
test_mse: 0.012499146163463593
test_kge: 0.7462744470818568
test_r2: 0.9265842437744141
test_mae: 0.07087375968694687
evaluating on huc 170300020203
test_mse: 0.0012658818159252405
test_kge: 0.8431375110447468
test_r2: 0.9577643871307373
test_mae: 0.022796275094151497
evaluating on huc 170300010102
test_mse: 0.022814758121967316
test_kge: 0.6699923666363374
test_r2: 0.8780319094657898
test_mae: 0.10403919965028763
evaluating on huc 170300010103
test_mse: 0.03872419521212578
test_kge: 0.6307130863563376
test_r2: 0.8261925578117371
test_mae: 0.14229512214660645
evaluating on huc 170300020108
test_mse: 0.0016080511268228292
test_kge: 0.9125050165538401
test_r2: 0.9767156839370728
test_mae: 0.024727901443839073
evaluating on huc 170300020303
test_mse: 0.0024351775646209717
test_kge: 0.9201142642386909
test_r2: 0.9679369926452637
test_mae: 0.03101731650531292
evaluating on huc 170300020310
test_mse: 7.464056398021057e-05
test_kge: 0.7438008189831273
test_r2: 0.8654260635375977
test_mae: 0.004197202157229185
evaluating on huc 170300010406
test_mse: 4.864144284510985e-05
test_kge: 0.7915439595854858
test_r2: 0.8522067070007324
test_mae: 0.0035627391189336777
evaluating on huc 170300010706
test_mse: 3.576380913727917e-05
test_kge: 0.7645712564829384
test_r2: 0.7074418067932129
test_mae: 0.002749271458014846
evaluating on huc 170300020306
test_mse: 0.004630325827747583
test_kge: 0.6284807404663195
test_r2: 0.8284105062484741
test_mae: 0.03909175470471382
      📊 Val KGE: 0.6285 | MSE: 0.004630
      ⏱️  Time: 680s

   ━━━ Epoch 10/10 ━━━
      🏋️  Training on 56 HUCs...
Pre-training on HUC5: 170300020103
Pre-training on HUC10: 170300010402
Pre-training on HUC15: 170300010106
Pre-training on HUC20: 170300020201
Pre-training on HUC25: 170300020208
Pre-training on HUC30: 170300010307
Pre-training on HUC35: 170300010401
Pre-training on HUC40: 170300010204
Pre-training on HUC45: 170300020206
Pre-training on HUC50: 170300020311
Pre-training on HUC55: 170300010504
      🔍 Validating on 25 HUCs...
evaluating on huc 170300020307
test_mse: 0.004198198672384024
test_kge: 0.4680058890342892
test_r2: 0.757568359375
test_mae: 0.0366535559296608
evaluating on huc 170300020303
test_mse: 0.003081364557147026
test_kge: 0.9187379992012552
test_r2: 0.9594289064407349
test_mae: 0.03343479707837105
evaluating on huc 170300020101
test_mse: 0.004114534705877304
test_kge: 0.9258017648408213
test_r2: 0.9603268504142761
test_mae: 0.039611686021089554
evaluating on huc 170300020310
test_mse: 5.575595787377097e-05
test_kge: 0.8377437143525444
test_r2: 0.8994742035865784
test_mae: 0.003688843222334981
evaluating on huc 170300020306
test_mse: 0.01066657155752182
test_kge: 0.36976583797859575
test_r2: 0.6047207713127136
test_mae: 0.06594543159008026
evaluating on huc 170300010701
test_mse: 0.0001881662756204605
test_kge: 0.6099247854082246
test_r2: 0.786350667476654
test_mae: 0.007114532869309187
evaluating on huc 170300010301
test_mse: 0.013734819367527962
test_kge: 0.7432485552994627
test_r2: 0.882391095161438
test_mae: 0.07122491300106049
evaluating on huc 170300020308
test_mse: 0.000537688028998673
test_kge: 0.7791430446484225
test_r2: 0.8939213752746582
test_mae: 0.011940883472561836
evaluating on huc 170300020106
test_mse: 0.00702850753441453
test_kge: 0.8618778104788609
test_r2: 0.9587169289588928
test_mae: 0.05354766920208931
evaluating on huc 170300010407
test_mse: 5.824526306241751e-05
test_kge: 0.1785621056020218
test_r2: 0.651188313961029
test_mae: 0.0032622984144836664
evaluating on huc 170300010103
test_mse: 0.019493468105793
test_kge: 0.7640463761493559
test_r2: 0.912506639957428
test_mae: 0.09526528418064117
evaluating on huc 170300010403
test_mse: 0.000353099632775411
test_kge: 0.7067480657657408
test_r2: 0.8724727630615234
test_mae: 0.010255523025989532
evaluating on huc 170300010406
test_mse: 3.7018155126133934e-05
test_kge: 0.8980278051960082
test_r2: 0.8875231742858887
test_mae: 0.003044108860194683
evaluating on huc 170300020301
test_mse: 0.005048769060522318
test_kge: 0.9069384735495905
test_r2: 0.9250057935714722
test_mae: 0.04342160001397133
evaluating on huc 170300010102
test_mse: 0.011334224604070187
test_kge: 0.7876021487287646
test_r2: 0.9394070506095886
test_mae: 0.06829823553562164
evaluating on huc 170300010706
test_mse: 4.3307896703481674e-05
test_kge: 0.5604140076083234
test_r2: 0.6457290649414062
test_mae: 0.002877727383747697
evaluating on huc 170300010304
test_mse: 0.0028026876971125603
test_kge: 0.8886624224579677
test_r2: 0.9445005059242249
test_mae: 0.03016965463757515
evaluating on huc 170300010506
test_mse: 9.581155609339476e-05
test_kge: 0.7939160753298626
test_r2: 0.9108105897903442
test_mae: 0.0048058731481432915
evaluating on huc 170300020203
test_mse: 0.0006845823954790831
test_kge: 0.9261842668806015
test_r2: 0.9771592020988464
test_mae: 0.015897370874881744
evaluating on huc 170300010404
test_mse: 0.00014514621580019593
test_kge: 0.7919276023179277
test_r2: 0.8990497589111328
test_mae: 0.0064117880538105965
evaluating on huc 170300020108
test_mse: 0.0023793948348611593
test_kge: 0.8969359387350205
test_r2: 0.965546727180481
test_mae: 0.028696779161691666
evaluating on huc 170300010709
test_mse: 5.4736352467443794e-05
test_kge: -0.1696754367225628
test_r2: 0.3972899913787842
test_mae: 0.0028672642074525356
evaluating on huc 170300020109
test_mse: 0.0032338369637727737
test_kge: 0.7205471587209427
test_r2: 0.8778798580169678
test_mae: 0.03235308453440666
evaluating on huc 170300010511
test_mse: 5.30893994437065e-05
test_kge: 0.626930573760156
test_r2: 0.8773666024208069
test_mae: 0.003489129710942507
evaluating on huc 170300010503
test_mse: 0.0041229440830647945
test_kge: 0.9327317439662586
test_r2: 0.9539375901222229
test_mae: 0.03967275097966194
      📊 Val KGE: 0.9327 | MSE: 0.004123
      ⏱️  Time: 677s
2026/09/30 00:48:01 INFO mlflow.tracking._tracking_service.client: 🏃 View run FineTune_Base_Yakima at: https://us-west-2.experiments.sagemaker.aws/#/experiments/707/runs/73855c685e094cdb8aff0f27f036d25e.
2026/09/30 00:48:01 INFO mlflow.tracking._tracking_service.client: 🧪 View experiment at: https://us-west-2.experiments.sagemaker.aws/#/experiments/707.

   🏆 Fine-tuning complete!
   📊 Best: KGE 0.9738 at epoch 2

[7/7] Final evaluation on all 81 Test B HUCs...
/home/sagemaker-user/finetune_exp1b_base_CORRECT.py:295: FutureWarning: You are using `torch.load` with `weights_only=False` (the current default value), which uses the default pickle module implicitly. It is possible to construct malicious pickle data which will execute arbitrary code during unpickling (See https://github.com/pytorch/pytorch/blob/main/SECURITY.md#untrusted-models for more details). In a future release, the default value for `weights_only` will be flipped to `True`. This limits the functions that could be executed during unpickling. Arbitrary objects will no longer be allowed to be loaded via this mode unless they are explicitly allowlisted by the user via `torch.serialization.add_safe_globals`. We recommend you start setting `weights_only=True` for any use case where you don't have full control of the loaded file. Please open an issue on GitHub for any issues related to this experimental feature.
  best_checkpoint = torch.load(OUTPUT_DIR / f"FineTune_Base_epoch{best_epoch}.pth")
evaluating on huc 170300010105
test_mse: 0.0008910112665034831
test_kge: 0.932102902892793
test_r2: 0.9604062438011169
test_mae: 0.01710364781320095
evaluating on huc 170300010201
test_mse: 0.0023003595415502787
test_kge: 0.9334375824958207
test_r2: 0.9692981243133545
test_mae: 0.02909686788916588
evaluating on huc 170300020311
test_mse: 0.00016691244672983885
test_kge: 0.20280119556336973
test_r2: 0.5111620426177979
test_mae: 0.006249133963137865
evaluating on huc 170300010509
test_mse: 0.008340995758771896
test_kge: 0.65370751231835
test_r2: 0.8518034815788269
test_mae: 0.05152875557541847
evaluating on huc 170300010707
test_mse: 7.448747055605054e-05
test_kge: 0.07934127639741262
test_r2: 0.2566627264022827
test_mae: 0.0038404606748372316
evaluating on huc 170300010205
test_mse: 0.0002501773997209966
test_kge: 0.9707763757412711
test_r2: 0.9477567076683044
test_mae: 0.008689958602190018
evaluating on huc 170300010605
test_mse: 5.204362241784111e-05
test_kge: 0.712109327221028
test_r2: 0.8017053604125977
test_mae: 0.003530492540448904
evaluating on huc 170300020309
test_mse: 0.0007441099733114243
test_kge: 0.8893382343524271
test_r2: 0.9549574851989746
test_mae: 0.015421677380800247
evaluating on huc 170300020207
test_mse: 0.00036108095082454383
test_kge: 0.8264842770868805
test_r2: 0.9206256866455078
test_mae: 0.010500961914658546
evaluating on huc 170300010102
test_mse: 0.019865505397319794
test_kge: 0.7304455985756056
test_r2: 0.8937987089157104
test_mae: 0.09086989611387253
evaluating on huc 170300010202
test_mse: 0.00420363387092948
test_kge: 0.7927331274148907
test_r2: 0.9456359148025513
test_mae: 0.03981408104300499
evaluating on huc 170300010307
test_mse: 0.00032618994009681046
test_kge: 0.8339413872661222
test_r2: 0.8956562280654907
test_mae: 0.009342975914478302
evaluating on huc 170300010708
test_mse: 4.465098027139902e-05
test_kge: 0.5845369751697358
test_r2: 0.6900941133499146
test_mae: 0.003062101313844323
evaluating on huc 170300010706
test_mse: 0.00014517726958729327
test_kge: -0.3355667369996209
test_r2: -0.18759143352508545
test_mae: 0.005555008538067341
evaluating on huc 170300010701
test_mse: 0.00027115820557810366
test_kge: 0.44541134328840626
test_r2: 0.6921192407608032
test_mae: 0.008350923657417297
evaluating on huc 170300010405
test_mse: 0.0012782210251316428
test_kge: 0.6378030194336697
test_r2: 0.6918513774871826
test_mae: 0.018571212887763977
evaluating on huc 170300010304
test_mse: 0.0037906193174421787
test_kge: 0.8008255155725006
test_r2: 0.9249372482299805
test_mae: 0.033312320709228516
evaluating on huc 170300020109
test_mse: 0.0016365575138479471
test_kge: 0.8239102079520645
test_r2: 0.9381982684135437
test_mae: 0.023624403402209282
evaluating on huc 170300010305
test_mse: 0.012549766339361668
test_kge: 0.7625617837315355
test_r2: 0.9068096280097961
test_mae: 0.06369029730558395
evaluating on huc 170300010601
test_mse: 0.00025569359422661364
test_kge: 0.9183475897007588
test_r2: 0.9552560448646545
test_mae: 0.008901300840079784
evaluating on huc 170300010510
test_mse: 0.0004629685136023909
test_kge: 0.7905245819394698
test_r2: 0.811122477054596
test_mae: 0.011620128527283669
evaluating on huc 170300020104
test_mse: 0.011824902147054672
test_kge: 0.7504171750537331
test_r2: 0.9122041463851929
test_mae: 0.06411600112915039
evaluating on huc 170300020206
test_mse: 0.0026067541912198067
test_kge: 0.9053973252860109
test_r2: 0.9441893100738525
test_mae: 0.029641591012477875
evaluating on huc 170300010704
test_mse: 6.549488171003759e-05
test_kge: 0.36346309324888093
test_r2: 0.535963237285614
test_mae: 0.003597141010686755
evaluating on huc 170300010504
test_mse: 0.0014560401905328035
test_kge: 0.8881952071970727
test_r2: 0.9000980854034424
test_mae: 0.021732356399297714
evaluating on huc 170300010401
test_mse: 0.0018144309287890792
test_kge: 0.8718948448154904
test_r2: 0.9435389637947083
test_mae: 0.02298133820295334
evaluating on huc 170300020106
test_mse: 0.010030146688222885
test_kge: 0.8012823390998625
test_r2: 0.9410862922668457
test_mae: 0.05994968116283417
evaluating on huc 170300010103
test_mse: 0.035664912313222885
test_kge: 0.6870547487911154
test_r2: 0.8399236798286438
test_mae: 0.12668952345848083
evaluating on huc 170300010402
test_mse: 0.0005509956972673535
test_kge: 0.8957317196085481
test_r2: 0.9697860479354858
test_mae: 0.013632072135806084
evaluating on huc 170300010203
test_mse: 0.0009870752692222595
test_kge: 0.9401148512570482
test_r2: 0.9683922529220581
test_mae: 0.0187554731965065
evaluating on huc 170300010303
test_mse: 0.012463029474020004
test_kge: 0.7593323645013892
test_r2: 0.90975421667099
test_mae: 0.07025820016860962
evaluating on huc 170300020203
test_mse: 0.0024394099600613117
test_kge: 0.8915151120592621
test_r2: 0.918610155582428
test_mae: 0.02827734313905239
evaluating on huc 170300020202
test_mse: 0.0017936662770807743
test_kge: 0.8243197109807241
test_r2: 0.919386088848114
test_mae: 0.02401023916900158
evaluating on huc 170300010409
test_mse: 5.17818407388404e-05
test_kge: 0.5900044147704799
test_r2: 0.7092106342315674
test_mae: 0.0033723521046340466
evaluating on huc 170300010507
test_mse: 0.00015098985750228167
test_kge: 0.690390898913668
test_r2: 0.8487226963043213
test_mae: 0.0064392234198749065
evaluating on huc 170300020103
test_mse: 0.004487282130867243
test_kge: 0.790108194229707
test_r2: 0.9440580010414124
test_mae: 0.04295394569635391
evaluating on huc 170300020312
test_mse: 6.728807784384117e-05
test_kge: 0.4972082710157619
test_r2: 0.6197845935821533
test_mae: 0.0036890129558742046
evaluating on huc 170300010705
test_mse: 3.242855382268317e-05
test_kge: 0.8372650642344995
test_r2: 0.8330428600311279
test_mae: 0.0027769373264163733
evaluating on huc 170300010101
test_mse: 0.008844662457704544
test_kge: 0.856833916667068
test_r2: 0.9506123661994934
test_mae: 0.05864812806248665
evaluating on huc 170300010503
test_mse: 0.004741656593978405
test_kge: 0.9451371175684364
test_r2: 0.9470251798629761
test_mae: 0.04127411171793938
evaluating on huc 170300020306
test_mse: 0.006548537407070398
test_kge: 0.5106766713466206
test_r2: 0.7573258876800537
test_mae: 0.04748013615608215
evaluating on huc 170300010505
test_mse: 0.0001645684678805992
test_kge: 0.926009314754342
test_r2: 0.9210411906242371
test_mae: 0.006450147368013859
evaluating on huc 170300020205
test_mse: 0.001282770885154605
test_kge: 0.9136978583126224
test_r2: 0.9608803987503052
test_mae: 0.020281391218304634
evaluating on huc 170300020301
test_mse: 0.003500300459563732
test_kge: 0.909791724172077
test_r2: 0.9480066895484924
test_mae: 0.032452862709760666
evaluating on huc 170300020307
test_mse: 0.0057579283602535725
test_kge: 0.39802622376273233
test_r2: 0.667499303817749
test_mae: 0.0430867001414299
evaluating on huc 170300010306
test_mse: 0.0017354635056108236
test_kge: 0.7203536223185849
test_r2: 0.894072413444519
test_mae: 0.024155013263225555
evaluating on huc 170300010603
test_mse: 0.0002817100321408361
test_kge: 0.8439909879314543
test_r2: 0.9097999930381775
test_mae: 0.00874149240553379
evaluating on huc 170300010702
test_mse: 0.00012049869110342115
test_kge: 0.0018721948944151467
test_r2: 0.21579265594482422
test_mae: 0.00496544037014246
evaluating on huc 170300020302
test_mse: 0.0032116121146827936
test_kge: 0.88965390781698
test_r2: 0.9645651578903198
test_mae: 0.037885915488004684
evaluating on huc 170300020105
test_mse: 0.0019550740253180265
test_kge: 0.967466163825342
test_r2: 0.98133385181427
test_mae: 0.026552515104413033
evaluating on huc 170300020102
test_mse: 0.0016994259785860777
test_kge: 0.967304795943386
test_r2: 0.9734282493591309
test_mae: 0.02367873676121235
evaluating on huc 170300010502
test_mse: 0.0003789228212554008
test_kge: 0.9042492247184578
test_r2: 0.930732011795044
test_mae: 0.011629137210547924
evaluating on huc 170300010501
test_mse: 0.0024416958913207054
test_kge: 0.5369962229045755
test_r2: 0.7678560614585876
test_mae: 0.028387432917952538
evaluating on huc 170300010511
test_mse: 5.732847057515755e-05
test_kge: 0.8021489135679828
test_r2: 0.8675745725631714
test_mae: 0.003921450115740299
evaluating on huc 170300020107
test_mse: 0.002011789008975029
test_kge: 0.9092043929932978
test_r2: 0.9798860549926758
test_mae: 0.027019023895263672
evaluating on huc 170300020304
test_mse: 0.0008761922363191843
test_kge: 0.9585453406081877
test_r2: 0.9752444624900818
test_mae: 0.018365975469350815
evaluating on huc 170300020101
test_mse: 0.00562617601826787
test_kge: 0.855780223441466
test_r2: 0.9457513093948364
test_mae: 0.04100113734602928
evaluating on huc 170300010302
test_mse: 0.0030226516537368298
test_kge: 0.911000989779626
test_r2: 0.9675868153572083
test_mae: 0.0332120843231678
evaluating on huc 170300010104
test_mse: 0.0012723529944196343
test_kge: 0.9780231748908288
test_r2: 0.9844375252723694
test_mae: 0.020132288336753845
evaluating on huc 170300020108
test_mse: 0.0015342707047238946
test_kge: 0.9737931332544393
test_r2: 0.9777840375900269
test_mae: 0.024707026779651642
evaluating on huc 170300010506
test_mse: 0.0001077589113265276
test_kge: 0.8676690316104569
test_r2: 0.8996889591217041
test_mae: 0.005384224001318216
evaluating on huc 170300010204
test_mse: 0.0009817761601880193
test_kge: 0.7969875533757435
test_r2: 0.9284496903419495
test_mae: 0.017835751175880432
evaluating on huc 170300010106
test_mse: 0.0033312488812953234
test_kge: 0.46969493244392446
test_r2: 0.7386670112609863
test_mae: 0.029049428179860115
evaluating on huc 170300020303
test_mse: 0.0020455827470868826
test_kge: 0.9695869952354551
test_r2: 0.9730666279792786
test_mae: 0.028764313086867332
evaluating on huc 170300010406
test_mse: 0.00011471074685687199
test_kge: 0.47235578713683846
test_r2: 0.6514601111412048
test_mae: 0.005168103147298098
evaluating on huc 170300020204
test_mse: 0.010566199198365211
test_kge: 0.7870947484204893
test_r2: 0.9266852140426636
test_mae: 0.0624157190322876
evaluating on huc 170300010604
test_mse: 3.856903640553355e-05
test_kge: 0.8065886112671402
test_r2: 0.8089450597763062
test_mae: 0.003007628722116351
evaluating on huc 170300010709
test_mse: 2.2944723241380416e-05
test_kge: 0.6014432439573476
test_r2: 0.7473522424697876
test_mae: 0.002222528448328376
evaluating on huc 170300010404
test_mse: 0.0003673895262181759
test_kge: 0.5933722111181053
test_r2: 0.7444778680801392
test_mae: 0.010241692885756493
evaluating on huc 170300010403
test_mse: 0.0007307206396944821
test_kge: 0.6271068149560295
test_r2: 0.7360892295837402
test_mae: 0.015825020149350166
evaluating on huc 170300020305
test_mse: 0.0027064967434853315
test_kge: 0.8363417850806725
test_r2: 0.9382146000862122
test_mae: 0.029477879405021667
evaluating on huc 170300020208
test_mse: 0.001251251669600606
test_kge: -0.45149382354761425
test_r2: -0.2749065160751343
test_mae: 0.01937974989414215
evaluating on huc 170300010408
test_mse: 0.0006324810674414039
test_kge: 0.5736297382490855
test_r2: 0.6033141613006592
test_mae: 0.013376452960073948
evaluating on huc 170300010301
test_mse: 0.007699059788137674
test_kge: 0.8810482404524362
test_r2: 0.9340742826461792
test_mae: 0.05424460768699646
evaluating on huc 170300010602
test_mse: 0.0006239665090106428
test_kge: 0.8104739292033403
test_r2: 0.9240509271621704
test_mae: 0.014215500093996525
evaluating on huc 170300010407
test_mse: 2.9266921046655625e-05
test_kge: 0.8766286228582243
test_r2: 0.8247300386428833
test_mae: 0.002658000448718667
evaluating on huc 170300010508
test_mse: 0.002873036079108715
test_kge: 0.9081987252896073
test_r2: 0.9486402869224548
test_mae: 0.03222673758864403
evaluating on huc 170300010703
test_mse: 8.338622865267098e-05
test_kge: 0.2052200439859705
test_r2: 0.41709989309310913
test_mae: 0.004110668320208788
evaluating on huc 170300020310
test_mse: 9.093000699067488e-05
test_kge: 0.7558275331121044
test_r2: 0.8360568284988403
test_mae: 0.004707707557827234
evaluating on huc 170300020308
test_mse: 0.0005377437337301672
test_kge: 0.8319035536079697
test_r2: 0.8939104080200195
test_mae: 0.01325913518667221
evaluating on huc 170300020201
test_mse: 0.0066404398530721664
test_kge: 0.610973545822479
test_r2: 0.8169176578521729
test_mae: 0.04946913197636604

   📊 Final Test B Results:
      KGE: 0.6110
      MSE: 0.006640

================================================================================
COMPARISON:
   Pre-trained (Exp1B Base):  0.7603
   Fine-tuned (Exp2):         0.6110
   Improvement:               -0.1493 (-19.6%)
   ❌ Fine-tuning did not improve
================================================================================

✅ COMPLETE! Results saved to: /home/sagemaker-user/exp2_finetune_results/
   - Checkpoints: FineTune_Base_epoch*.pth
   - Summary: finetune_summary.json
   - Splits: finetune_splits.json

⏱️  Finished: 2026-09-30 00:58:21
2026/09/30 00:58:21 INFO mlflow.tracking._tracking_service.client: 🏃 View run luminous-yak-11 at: https://us-west-2.experiments.sagemaker.aws/#/experiments/707/runs/d6e033ad553d47e0a81afa68408765c8.
2026/09/30 00:58:21 INFO mlflow.tracking._tracking_service.client: 🧪 View experiment at: https://us-west-2.experiments.sagemaker.aws/#/experiments/707.
