================================================================================
EXPERIMENT 1B - FULL TRAINING
Multi-HUC Deep Snow Only - Production Scale
================================================================================
Started: 2026-07-08 10:41:36

[Step 1/9] Importing libraries...
   ✅ All imports successful
   📍 PyTorch version: 2.2.2
   📍 MLflow version: 3.13.0
   📍 Using device: mps

[Step 2/9] Configuring model variations...
   📊 Total variations to train: 8
   1. Base_LR0.001: Temperature + Precipitation only, LR=0.001
   2. Base_LR0.0003: Temperature + Precipitation only, LR=0.0003
   3. Base_Wind_LR0.001: Base + Wind Speed, LR=0.001
   4. Base_Wind_LR0.0003: Base + Wind Speed, LR=0.0003
   5. Base_Solar_LR0.001: Base + Solar Radiation, LR=0.001
   6. Base_Solar_LR0.0003: Base + Solar Radiation, LR=0.0003
   7. Base_Solar_Wind_LR0.001: Base + Solar + Wind, LR=0.001
   8. Base_Solar_Wind_LR0.0003: Base + Solar + Wind, LR=0.0003

[Step 3/9] Loading HUC splits...
   📂 Training HUCs: 231
   📂 Validation HUCs: 77
   📂 Total: 308 HUCs

[Step 4/9] Downloading and pre-processing data...
   ⏳ This will take 5-10 minutes (downloading ~1GB from S3)...
   📍 Started: 10:41:38
number of sub units for training is 308
   ✅ Data loaded for 308 HUCs
   📍 Finished: 10:43:50
   📊 Normalization stats computed:
      - Means: {'mean_pr': 4.065396868060621, 'mean_tair': 5.71240079503527, 'mean_srad': 174.24271445541174, 'mean_vs': 3.8999719516680784, 'mean_swe': 0.16514650353288823}
      - Stds: {'mean_pr': 9.43193683300493, 'mean_tair': 8.288050768746704, 'mean_srad': 100.2827301050015, 'mean_vs': 1.8213907163413874, 'mean_swe': 0.26965887014342177}
   ✅ Training data: 231 HUCs
   ✅ Validation data: 77 HUCs

[Step 5/9] Starting training for all 8 variations...
   🎯 8 models × 30 epochs each
   ⏱️  Estimated total time: 4-6 hours
   📍 Training started: 2026-07-08 10:43:50

================================================================================
VARIATION 1/8: Base_LR0.001
================================================================================
   Variables: ['mean_pr', 'mean_tair']
   Learning Rate: 0.001
   Started: 10:43:51
/Users/simran/miniconda3/envs/snowml/lib/python3.10/site-packages/torch/nn/modules/rnn.py:83: UserWarning: dropout option adds dropout after all but last recurrent layer, so non-zero dropout expects num_layers greater than 1, but got dropout=0.3 and num_layers=1
  warnings.warn("dropout option adds dropout after all but last "
   ✅ Model initialized: 17,473 parameters
   ✅ MLflow run started

   ━━━ Epoch 1/30 ━━━
      🏋️  Training on 231 HUCs...
Pre-training on HUC5: 171100090702
Pre-training on HUC10: 170103041104
Pre-training on HUC15: 170103040603
Pre-training on HUC20: 170602070102
Pre-training on HUC25: 170602070402
Pre-training on HUC30: 171100051003
Pre-training on HUC35: 171100050905
Pre-training on HUC40: 171100090101
Pre-training on HUC45: 171100050705
Pre-training on HUC50: 170103040504
Pre-training on HUC55: 170602080103
Pre-training on HUC60: 170200110503
Pre-training on HUC65: 170103040505
Pre-training on HUC70: 170200090110
Pre-training on HUC75: 171100090501
Pre-training on HUC80: 170602070503
Pre-training on HUC85: 170602070302
Pre-training on HUC90: 170300030601
Pre-training on HUC95: 170200100402
Pre-training on HUC100: 170200110304
Pre-training on HUC105: 170300030102
Pre-training on HUC110: 170103020301
Pre-training on HUC115: 170200110302
Pre-training on HUC120: 170200110306
Pre-training on HUC125: 170200100306
Pre-training on HUC130: 171100090601
Pre-training on HUC135: 171100070104
Pre-training on HUC140: 170103040802
Pre-training on HUC145: 170103041005
Pre-training on HUC150: 170200090203
Pre-training on HUC155: 170103040103
Pre-training on HUC160: 171100090103
Pre-training on HUC165: 171100070103
Pre-training on HUC170: 170103040903
Pre-training on HUC175: 170103020101
Pre-training on HUC180: 170602080608
Pre-training on HUC185: 171100090302
Pre-training on HUC190: 170602080601
Pre-training on HUC195: 171100060103
Pre-training on HUC200: 170200090301
Pre-training on HUC205: 171100060203
Pre-training on HUC210: 171100060204
Pre-training on HUC215: 170103040803
Pre-training on HUC220: 170602080303
Pre-training on HUC225: 170200110404
Pre-training on HUC230: 171100090303
      🔍 Validating on 77 HUCs...
evaluating on huc 170103040105
test_mse: 0.0012807677267119288
test_kge: 0.9421093404924501
test_r2: 0.954619288444519
test_mae: 0.021077241748571396
train_mse: 0.0016746961046010256
train_kge: 0.9486190449259252
train_r2: 0.9569472670555115
train_mae: 0.022310972213745117
evaluating on huc 170300030101
test_mse: 0.0011805158574134111
test_kge: 0.8781953284846271
test_r2: 0.9630268216133118
test_mae: 0.018698381260037422
train_mse: 0.0019725512247532606
train_kge: 0.9514677675348836
train_r2: 0.9408901929855347
train_mae: 0.02468019351363182
evaluating on huc 170200100501
test_mse: 3.634590029832907e-05
test_kge: 0.6953182389747099
test_r2: 0.8029285669326782
test_mae: 0.003052462823688984
train_mse: 0.00011410271690692753
train_kge: 0.3808649405659412
train_r2: 0.5390279293060303
train_mae: 0.005221021361649036
evaluating on huc 170103041101
test_mse: 0.0038598845712840557
test_kge: -0.47726648006963135
test_r2: -0.6381382942199707
test_mae: 0.03462027758359909
train_mse: 0.005625268444418907
train_kge: -0.35393293455878316
train_r2: -0.3275691270828247
train_mae: 0.04230593517422676
evaluating on huc 170200110401
test_mse: 0.08659768104553223
test_kge: 0.4167296426922956
test_r2: 0.6250928640365601
test_mae: 0.18628880381584167
train_mse: 0.12159045040607452
train_kge: 0.376394305135188
train_r2: 0.5505372285842896
train_mae: 0.22496753931045532
evaluating on huc 170602071102
test_mse: 0.0016991514712572098
test_kge: 0.9058040855273901
test_r2: 0.9515922665596008
test_mae: 0.022292105481028557
train_mse: 0.00413152202963829
train_kge: 0.7783796440785931
train_r2: 0.9058948159217834
train_mae: 0.037707921117544174
evaluating on huc 170103040702
test_mse: 0.001862925011664629
test_kge: 0.8345759002929135
test_r2: 0.8904561400413513
test_mae: 0.023544220253825188
train_mse: 0.002497432054951787
train_kge: 0.8299379962186162
train_r2: 0.8984655737876892
train_mae: 0.027435781434178352
evaluating on huc 171100050501
test_mse: 0.022789714857935905
test_kge: 0.6354944742282982
test_r2: 0.8268465399742126
test_mae: 0.09363643825054169
train_mse: 0.024122178554534912
train_kge: 0.647470562695674
train_r2: 0.8222249746322632
train_mae: 0.08708339184522629
evaluating on huc 171100090202
test_mse: 0.03253175690770149
test_kge: 0.5032173457926066
test_r2: 0.7049204111099243
test_mae: 0.08997438848018646
train_mse: 0.00953829288482666
train_kge: 0.7557902094498793
train_r2: 0.8695334196090698
train_mae: 0.04956887289881706
evaluating on huc 170602080412
test_mse: 0.0005989769124425948
test_kge: 0.950147598759508
test_r2: 0.926360547542572
test_mae: 0.014710981398820877
train_mse: 0.0006572272395715117
train_kge: 0.9302966475326316
train_r2: 0.9418395161628723
train_mae: 0.014616314321756363
evaluating on huc 170602070802
test_mse: 0.0017371495487168431
test_kge: 0.7325643314790513
test_r2: 0.8976882696151733
test_mae: 0.023077070713043213
train_mse: 0.0013156048953533173
train_kge: 0.79602215812572
train_r2: 0.9174153804779053
train_mae: 0.018517376855015755
evaluating on huc 170103041002
test_mse: 0.002251427387818694
test_kge: -0.04613415465949422
test_r2: 0.09890228509902954
test_mae: 0.025792159140110016
train_mse: 0.004084109328687191
train_kge: -0.3392018028958925
train_r2: -0.2505452632904053
train_mae: 0.03603333234786987
evaluating on huc 171100070101
test_mse: 0.010862170718610287
test_kge: 0.6751819463583864
test_r2: 0.6772503852844238
test_mae: 0.058048490434885025
train_mse: 0.013041738420724869
train_kge: 0.23569959753936054
train_r2: 0.3920818567276001
train_mae: 0.06486377120018005
evaluating on huc 171100051005
test_mse: 0.01210333313792944
test_kge: 0.7513029292464939
test_r2: 0.8520476222038269
test_mae: 0.0643690750002861
train_mse: 0.01570124551653862
train_kge: 0.38758477642190126
train_r2: 0.48616862297058105
train_mae: 0.07833579182624817
evaluating on huc 170103020202
test_mse: 0.00409698998555541
test_kge: 0.3036918315004171
test_r2: 0.5603071451187134
test_mae: 0.0381212942302227
train_mse: 0.00529299583286047
train_kge: 0.36211013239848266
train_r2: 0.6066933870315552
train_mae: 0.04306758567690849
evaluating on huc 170103040606
test_mse: 0.0013106790138408542
test_kge: 0.7718351028002008
test_r2: 0.878826916217804
test_mae: 0.019982578232884407
train_mse: 0.002193568740040064
train_kge: 0.7832507579463777
train_r2: 0.8716188073158264
train_mae: 0.025592591613531113
evaluating on huc 170200090209
test_mse: 0.013213216327130795
test_kge: 0.5387259922231832
test_r2: 0.7540057897567749
test_mae: 0.06318888068199158
train_mse: 0.01590043306350708
train_kge: 0.4928229881525247
train_r2: 0.7116692066192627
train_mae: 0.07570548355579376
evaluating on huc 171100050805
test_mse: 0.005295500159263611
test_kge: 0.9255292906460699
test_r2: 0.8566297292709351
test_mae: 0.04225124418735504
train_mse: 0.004204118624329567
train_kge: 0.8846925470228377
train_r2: 0.8751471042633057
train_mae: 0.03803562745451927
evaluating on huc 170300030603
test_mse: 0.0020552247297018766
test_kge: -0.9734208631774224
test_r2: -1.1171584129333496
test_mae: 0.021136153489351273
train_mse: 0.0019740795250982046
train_kge: -0.7084989745028398
train_r2: -0.6711174249649048
train_mae: 0.023328622803092003
evaluating on huc 170300030806
test_mse: 8.637459541205317e-05
test_kge: 0.1294787915651493
test_r2: 0.3253025412559509
test_mae: 0.003934924490749836
train_mse: 0.00021065874898340553
train_kge: -0.9863647898339092
train_r2: -1.4849128723144531
train_mae: 0.006541943643242121
evaluating on huc 170200110501
test_mse: 0.000730479194317013
test_kge: 0.936284579646594
test_r2: 0.9488622546195984
test_mae: 0.01653173938393593
train_mse: 0.0013063540682196617
train_kge: 0.9335735873910159
train_r2: 0.9374081492424011
train_mae: 0.02232675440609455
evaluating on huc 170103040605
test_mse: 0.002576010301709175
test_kge: 0.14116659380991992
test_r2: 0.343849778175354
test_mae: 0.02794378437101841
train_mse: 0.003515599761158228
train_kge: 0.17906391322542026
train_r2: 0.4406588077545166
train_mae: 0.033679984509944916
evaluating on huc 170200110203
test_mse: 0.0023209352511912584
test_kge: 0.9629039543098238
test_r2: 0.9315881133079529
test_mae: 0.028660200536251068
train_mse: 0.0034982746001333
train_kge: 0.7564407705821482
train_r2: 0.8709378242492676
train_mae: 0.03595436364412308
evaluating on huc 170200090102
test_mse: 0.027533646672964096
test_kge: 0.6518205183583194
test_r2: 0.833315372467041
test_mae: 0.10477833449840546
train_mse: 0.03705335408449173
train_kge: 0.6186779207512666
train_r2: 0.7997713685035706
train_mae: 0.11485984921455383
evaluating on huc 171100080104
test_mse: 0.030728882178664207
test_kge: 0.3233813616940965
test_r2: 0.4720252752304077
test_mae: 0.08721552789211273
train_mse: 0.006807754281908274
train_kge: 0.61746491594698
train_r2: 0.811315655708313
train_mae: 0.0430448092520237
evaluating on huc 171100060303
test_mse: 0.009704623371362686
test_kge: 0.6577798254910985
test_r2: 0.740984320640564
test_mae: 0.059639785438776016
train_mse: 0.006319878157228231
train_kge: 0.7791187247771139
train_r2: 0.8462539911270142
train_mae: 0.048597194254398346
evaluating on huc 170103040503
test_mse: 0.0014135097153484821
test_kge: 0.8921623485787661
test_r2: 0.9405480027198792
test_mae: 0.02087181806564331
train_mse: 0.0022909287363290787
train_kge: 0.8801866793174704
train_r2: 0.93166184425354
train_mae: 0.02779332548379898
evaluating on huc 170300030706
test_mse: 0.00030051497742533684
test_kge: -0.5092797032912324
test_r2: -0.250069260597229
test_mae: 0.00779692642390728
train_mse: 0.0005723069189116359
train_kge: -1.5055885601896803
train_r2: -2.0929436683654785
train_mae: 0.01165410503745079
evaluating on huc 171100090603
test_mse: 0.0018127603689208627
test_kge: 0.4826508584038367
test_r2: 0.49659281969070435
test_mae: 0.02272329106926918
train_mse: 0.0005661700270138681
train_kge: 0.7235366670768479
train_r2: 0.654992401599884
train_mae: 0.012307008728384972
evaluating on huc 170602080101
test_mse: 0.01925285905599594
test_kge: 0.6785942951489399
test_r2: 0.847152590751648
test_mae: 0.07616167515516281
train_mse: 0.0273264329880476
train_kge: 0.6229219632479286
train_r2: 0.8184463977813721
train_mae: 0.08973294496536255
evaluating on huc 171100050702
test_mse: 0.04245410114526749
test_kge: 0.6204366206229257
test_r2: 0.7702645063400269
test_mae: 0.14127491414546967
train_mse: 0.04285091534256935
train_kge: 0.6386679138589049
train_r2: 0.7615643739700317
train_mae: 0.13540948927402496
evaluating on huc 170300030204
test_mse: 0.00022926952806301415
test_kge: -0.14275806292063842
test_r2: 0.22557055950164795
test_mae: 0.007060402538627386
train_mse: 0.0006199190975166857
train_kge: -0.6013782700161878
train_r2: -0.6414740085601807
train_mae: 0.012109669856727123
evaluating on huc 170200110301
test_mse: 0.05008620768785477
test_kge: 0.5682660787564274
test_r2: 0.7644819021224976
test_mae: 0.1389373391866684
train_mse: 0.026175308972597122
train_kge: 0.6830005309279972
train_r2: 0.8413103818893433
train_mae: 0.09569024294614792
evaluating on huc 171100050701
test_mse: 0.07460160553455353
test_kge: 0.4925942992905382
test_r2: 0.6297979354858398
test_mae: 0.20105968415737152
train_mse: 0.08565304428339005
train_kge: 0.4725299095600112
train_r2: 0.607401967048645
train_mae: 0.20440545678138733
evaluating on huc 170602071104
test_mse: 0.0010461547644808888
test_kge: 0.9435693831639522
test_r2: 0.9635751247406006
test_mae: 0.020282572135329247
train_mse: 0.001746955094859004
train_kge: 0.9499040021032318
train_r2: 0.9426797032356262
train_mae: 0.023587357252836227
evaluating on huc 171100090602
test_mse: 0.00818154588341713
test_kge: 0.6933299678732625
test_r2: 0.4334753155708313
test_mae: 0.046485189348459244
train_mse: 0.004056028090417385
train_kge: 0.12859509292770943
train_r2: 0.37362682819366455
train_mae: 0.03390861302614212
evaluating on huc 170103040401
test_mse: 0.002404798986390233
test_kge: 0.9304174701642483
test_r2: 0.9387871623039246
test_mae: 0.02840344049036503
train_mse: 0.0038404830265790224
train_kge: 0.9009939302985457
train_r2: 0.9164172410964966
train_mae: 0.037054840475320816
evaluating on huc 170200090210
test_mse: 0.006938184145838022
test_kge: 0.28922800945496907
test_r2: 0.39508557319641113
test_mae: 0.05145172402262688
train_mse: 0.006587502546608448
train_kge: 0.31452982419602027
train_r2: 0.41674739122390747
train_mae: 0.05212702229619026
evaluating on huc 170200110708
test_mse: 0.0004462983924895525
test_kge: 0.2971098521199288
test_r2: 0.5329445600509644
test_mae: 0.010795364156365395
train_mse: 0.0006598689942620695
train_kge: 0.2833854416902748
train_r2: 0.513773500919342
train_mae: 0.013147354125976562
evaluating on huc 170200110402
test_mse: 0.06253979355096817
test_kge: 0.469684876635616
test_r2: 0.6823129653930664
test_mae: 0.15794157981872559
train_mse: 0.09320890158414841
train_kge: 0.42355081078459644
train_r2: 0.6125227212905884
train_mae: 0.1914433091878891
evaluating on huc 171100050504
test_mse: 0.00802646018564701
test_kge: 0.7959747843348274
test_r2: 0.9141117930412292
test_mae: 0.05306359380483627
train_mse: 0.012353717349469662
train_kge: 0.7585018039234371
train_r2: 0.8791853785514832
train_mae: 0.06281662732362747
evaluating on huc 170200100207
test_mse: 0.0009388853795826435
test_kge: 0.6902658831100493
test_r2: 0.8354330062866211
test_mae: 0.01694767363369465
train_mse: 0.0010715858079493046
train_kge: 0.6877877361717604
train_r2: 0.8210373520851135
train_mae: 0.01877000741660595
evaluating on huc 171100050901
test_mse: 0.004695371259003878
test_kge: 0.7977675535325053
test_r2: 0.8583217263221741
test_mae: 0.03944876044988632
train_mse: 0.006920880172401667
train_kge: 0.5257293686053657
train_r2: 0.6452669501304626
train_mae: 0.04690760001540184
evaluating on huc 170602071001
test_mse: 0.0009542226907797158
test_kge: 0.9612763916160475
test_r2: 0.9665151238441467
test_mae: 0.017930949106812477
train_mse: 0.002330323215574026
train_kge: 0.8516258540489916
train_r2: 0.9428085088729858
train_mae: 0.02685931883752346
evaluating on huc 170602070706
test_mse: 0.004261528141796589
test_kge: 0.6959161784806256
test_r2: 0.8806307315826416
test_mae: 0.04001306742429733
train_mse: 0.004227668046951294
train_kge: 0.7247019607978118
train_r2: 0.8872392177581787
train_mae: 0.04010239988565445
evaluating on huc 170602070103
test_mse: 0.002522917464375496
test_kge: 0.905164914569519
test_r2: 0.9285622835159302
test_mae: 0.027766987681388855
train_mse: 0.002272223122417927
train_kge: 0.8888347218251244
train_r2: 0.9354413151741028
train_mae: 0.028299221768975258
evaluating on huc 171100080202
test_mse: 0.011873837560415268
test_kge: 0.5168168309444878
test_r2: 0.46310853958129883
test_mae: 0.055530354380607605
train_mse: 0.010328641161322594
train_kge: 0.046891461602479256
train_r2: 0.2837178707122803
train_mae: 0.059999845921993256
evaluating on huc 171100050801
test_mse: 0.10517767071723938
test_kge: 0.42666422280414595
test_r2: 0.5435487031936646
test_mae: 0.23590052127838135
train_mse: 0.11273298412561417
train_kge: 0.41666484179983443
train_r2: 0.5158401727676392
train_mae: 0.2407240867614746
evaluating on huc 170103040501
test_mse: 0.006651212926954031
test_kge: 0.7379964401380503
test_r2: 0.9054439663887024
test_mae: 0.043826885521411896
train_mse: 0.00932857021689415
train_kge: 0.7248797878300806
train_r2: 0.8974233269691467
train_mae: 0.04977582022547722
evaluating on huc 170602080605
test_mse: 0.0026828141417354345
test_kge: 0.6724253842721486
test_r2: 0.8710118532180786
test_mae: 0.028799088671803474
train_mse: 0.0030000971164554358
train_kge: 0.6959871753567628
train_r2: 0.8630083799362183
train_mae: 0.03130483254790306
evaluating on huc 171100060404
test_mse: 0.010123119689524174
test_kge: -2.3051173030078274
test_r2: -4.920979976654053
test_mae: 0.05006001144647598
train_mse: 0.010132094845175743
train_kge: -4.029174181333911
train_r2: -10.947468757629395
train_mae: 0.050745122134685516
evaluating on huc 171100090403
test_mse: 0.03461625054478645
test_kge: 0.39744655216248526
test_r2: 0.589502215385437
test_mae: 0.096930593252182
train_mse: 0.006072151008993387
train_kge: 0.6974645244150609
train_r2: 0.866571843624115
train_mae: 0.04109980911016464
evaluating on huc 170602080410
test_mse: 0.001844913698732853
test_kge: 0.8189986379199028
test_r2: 0.928964376449585
test_mae: 0.025146322324872017
train_mse: 0.0015027789631858468
train_kge: 0.9120288347986153
train_r2: 0.958393394947052
train_mae: 0.02213943377137184
evaluating on huc 171100080102
test_mse: 0.05901878699660301
test_kge: 0.057626914692107345
test_r2: 0.16195064783096313
test_mae: 0.14381594955921173
train_mse: 0.024513909593224525
train_kge: 0.21533365202308496
train_r2: 0.3513643145561218
train_mae: 0.09443268924951553
evaluating on huc 170300030703
test_mse: 0.000522279238793999
test_kge: 0.8964048474657659
test_r2: 0.8862186670303345
test_mae: 0.01135809812694788
train_mse: 0.0006123218918219209
train_kge: 0.8006592896016773
train_r2: 0.8246324062347412
train_mae: 0.011768525466322899
evaluating on huc 170602071105
test_mse: 0.0015315350610762835
test_kge: 0.3250244055314404
test_r2: 0.37753790616989136
test_mae: 0.022121137008070946
train_mse: 0.0009507341310381889
train_kge: 0.7024971215631901
train_r2: 0.7046728134155273
train_mae: 0.017304183915257454
evaluating on huc 171100050502
test_mse: 0.005188672803342342
test_kge: 0.8625879591491303
test_r2: 0.930017352104187
test_mae: 0.04825897142291069
train_mse: 0.006586726289242506
train_kge: 0.8811794746805367
train_r2: 0.9173214435577393
train_mae: 0.05192292481660843
evaluating on huc 170103040101
test_mse: 0.015992557629942894
test_kge: 0.6395827485386358
test_r2: 0.8435702919960022
test_mae: 0.06975730508565903
train_mse: 0.015506476163864136
train_kge: 0.6749748184988192
train_r2: 0.8644090890884399
train_mae: 0.06811133772134781
evaluating on huc 171100060305
test_mse: 0.00607291329652071
test_kge: 0.4442303714649566
test_r2: 0.5592259168624878
test_mae: 0.04455467686057091
train_mse: 0.0043912664987146854
train_kge: 0.5725671561950245
train_r2: 0.6857137680053711
train_mae: 0.03855040296912193
evaluating on huc 170300030305
test_mse: 0.00015570105460938066
test_kge: -0.253132271227994
test_r2: 0.07416486740112305
test_mae: 0.005178836639970541
train_mse: 0.00045276200398802757
train_kge: -2.3126078539025325
train_r2: -4.382776737213135
train_mae: 0.009296434931457043
evaluating on huc 170200110305
test_mse: 0.007517775055021048
test_kge: 0.7871799478480017
test_r2: 0.8421990871429443
test_mae: 0.0504891499876976
train_mse: 0.013293073512613773
train_kge: 0.32335581297981875
train_r2: 0.5361419320106506
train_mae: 0.07365773618221283
evaluating on huc 170602080607
test_mse: 0.0018022613367065787
test_kge: 0.7659409090517786
test_r2: 0.887878954410553
test_mae: 0.024678848683834076
train_mse: 0.0016539313364773989
train_kge: 0.8067254468417543
train_r2: 0.9097388982772827
train_mae: 0.02205209992825985
evaluating on huc 170103040303
test_mse: 0.0027695747558027506
test_kge: 0.7809542969016663
test_r2: 0.9064613580703735
test_mae: 0.031117865815758705
train_mse: 0.003788599045947194
train_kge: 0.7715335812740446
train_r2: 0.9019902348518372
train_mae: 0.03785001114010811
evaluating on huc 171100070106
test_mse: 0.009675683453679085
test_kge: 0.6775894299887251
test_r2: 0.38240140676498413
test_mae: 0.050972577184438705
train_mse: 0.007337991148233414
train_kge: -0.13405698537463784
train_r2: -0.0917741060256958
train_mae: 0.044811878353357315
evaluating on huc 170602080506
test_mse: 0.012272358871996403
test_kge: 0.5719840238208964
test_r2: 0.7900000810623169
test_mae: 0.0675048977136612
train_mse: 0.015921948477625847
train_kge: 0.556564671648988
train_r2: 0.7834856510162354
train_mae: 0.08037976920604706
evaluating on huc 170300030805
test_mse: 0.00022563217498827726
test_kge: 0.2219138098509722
test_r2: 0.36929887533187866
test_mae: 0.007293032947927713
train_mse: 0.0005167805356904864
train_kge: -0.413185392311199
train_r2: -0.4727330207824707
train_mae: 0.011176285333931446
evaluating on huc 170602080503
test_mse: 0.00186568358913064
test_kge: 0.839375219981811
test_r2: 0.9320877194404602
test_mae: 0.024682732298970222
train_mse: 0.0014458561781793833
train_kge: 0.8989977909045472
train_r2: 0.9549214839935303
train_mae: 0.02149837650358677
evaluating on huc 170602070401
test_mse: 0.001390554360114038
test_kge: 0.9551719898810109
test_r2: 0.9638979434967041
test_mae: 0.021700633689761162
train_mse: 0.0021396849770098925
train_kge: 0.894413260427068
train_r2: 0.9412620067596436
train_mae: 0.028551509603857994
evaluating on huc 170200100308
test_mse: 0.00013277794641908258
test_kge: 0.5527321914115482
test_r2: 0.7423948049545288
test_mae: 0.005682061892002821
train_mse: 0.00019686672021634877
train_kge: 0.625112099567589
train_r2: 0.7428922653198242
train_mae: 0.007062016054987907
evaluating on huc 170103020302
test_mse: 0.001830884488299489
test_kge: 0.926048135902715
test_r2: 0.9257452487945557
test_mae: 0.02520403265953064
train_mse: 0.0031190533190965652
train_kge: 0.9131031713650035
train_r2: 0.9029358625411987
train_mae: 0.03183343634009361
evaluating on huc 170103041001
test_mse: 0.003743368899449706
test_kge: -0.2770400812324869
test_r2: -0.2675081491470337
test_mae: 0.033818479627370834
train_mse: 0.005654098466038704
train_kge: -0.36614445801422124
train_r2: -0.29180121421813965
train_mae: 0.04352313652634621
evaluating on huc 170602070201
test_mse: 0.004893181379884481
test_kge: 0.6799569637470149
test_r2: 0.8586188554763794
test_mae: 0.040451858192682266
train_mse: 0.005801651626825333
train_kge: 0.6746545423228303
train_r2: 0.8425000309944153
train_mae: 0.04482205957174301
evaluating on huc 170200090202
test_mse: 0.013087410479784012
test_kge: 0.8119814706395132
test_r2: 0.8647136688232422
test_mae: 0.06902056932449341
train_mse: 0.007393259089440107
train_kge: 0.9180489707904875
train_r2: 0.9021029472351074
train_mae: 0.050888609141111374
evaluating on huc 171100080107
test_mse: 0.015900272876024246
test_kge: 0.6762131696571805
test_r2: 0.7530956268310547
test_mae: 0.06770825386047363
train_mse: 0.007722294889390469
train_kge: 0.8364308155258806
train_r2: 0.800679087638855
train_mae: 0.04932820796966553
evaluating on huc 170200110111
test_mse: 0.00781198451295495
test_kge: 0.2657059291160385
test_r2: 0.40614914894104004
test_mae: 0.04839322715997696
train_mse: 0.011492631398141384
train_kge: -0.1219123012885559
train_r2: -0.039687275886535645
train_mae: 0.0627615749835968
evaluating on huc 171100060405
test_mse: 0.008456558920443058
test_kge: -0.9656477041640794
test_r2: -2.396892547607422
test_mae: 0.04506438598036766
train_mse: 0.006879777181893587
train_kge: -1.3199206852791128
train_r2: -3.0873284339904785
train_mae: 0.04040565341711044
evaluating on huc 170200090114
test_mse: 0.013100766576826572
test_kge: 0.40675811926435357
test_r2: 0.591795802116394
test_mae: 0.07129882276058197
train_mse: 0.011999531649053097
train_kge: 0.4135734730493297
train_r2: 0.6210073828697205
train_mae: 0.07000867277383804
      ⏱️  Epoch time: 2248.6s

   ━━━ Epoch 2/30 ━━━
      🏋️  Training on 231 HUCs...
Pre-training on HUC5: 170200110101
